ok 1 Chrome 98.0 - [undefined ms] - function iterators 1, 2, 3 iterator.next() returns 1, 2 & 3
ok 2 Chrome 98.0 - [undefined ms] - NaN Number isNaN
ok 3 Chrome 98.0 - [undefined ms] - NaN Number is typeof 'number'
ok 4 Chrome 98.0 - [undefined ms] - NaN lodash _.isNaN(NaN) is
ok 5 Chrome 98.0 - [undefined ms] - NaN lodash _.isNumber(NaN) is
ok 6 Chrome 98.0 - [undefined ms] - NaN jasmine .toBeFalsy() is
ok 7 Chrome 98.0 - [undefined ms] - null Object is typeof 'object'
ok 8 Chrome 98.0 - [undefined ms] - null Object is NOT instanceof Object
ok 9 Chrome 98.0 - [undefined ms] - null Number isNaN(null) is NOT
ok 10 Chrome 98.0 - [undefined ms] - null lodash _.isNull(null) is
ok 11 Chrome 98.0 - [undefined ms] - null jasmine .toBeNull() is
ok 12 Chrome 98.0 - [undefined ms] - null jasmine .toBeFalsy() is
ok 13 Chrome 98.0 - [undefined ms] - null jasmine .toEqual(undefined) is NOT!
ok 14 Chrome 98.0 - [undefined ms] - undefined is typeof 'undefined
ok 15 Chrome 98.0 - [undefined ms] - undefined Number isNaN
ok 16 Chrome 98.0 - [undefined ms] - undefined null is not identical to null
ok 17 Chrome 98.0 - [undefined ms] - undefined null equals null
ok 18 Chrome 98.0 - [undefined ms] - undefined lodash _.isUndefined(undefined) is
ok 19 Chrome 98.0 - [undefined ms] - undefined jasmine .toBeFalsy() is
ok 20 Chrome 98.0 - [undefined ms] - undefined jasmine .toEqual(null) is NOT!
ok 21 Chrome 98.0 - [undefined ms] - Number left associativity 1 < 2 < 3 is true
ok 22 Chrome 98.0 - [undefined ms] - Number left associativity 3 > 2 > 1 is false!
ok 23 Chrome 98.0 - [undefined ms] - Number parse null-sy Number(null) returns 0
ok 24 Chrome 98.0 - [undefined ms] - Number parse null-sy Number(undefined) is typeof 'number'
ok 25 Chrome 98.0 - [undefined ms] - Number parse null-sy Number(undefined) isNaN
ok 26 Chrome 98.0 - [undefined ms] - Number parse null-sy Number(undefined) is not 0
ok 27 Chrome 98.0 - [undefined ms] - Number parse objects Number({}) is typeof 'number'
ok 28 Chrome 98.0 - [undefined ms] - Number parse objects Number({}) is NaN
ok 29 Chrome 98.0 - [undefined ms] - Number parse objects Number([]) is typeof 'number'
ok 30 Chrome 98.0 - [undefined ms] - Number parse objects Number([]) is NOT a NaN
ok 31 Chrome 98.0 - [undefined ms] - Number parseInt('bananas') _.isNumber is true
ok 32 Chrome 98.0 - [undefined ms] - Number parseInt('bananas') is typeof 'number'
ok 33 Chrome 98.0 - [undefined ms] - Number parseInt('bananas') NaN is true
ok 34 Chrome 98.0 - [undefined ms] - Number parseInt('bananas') NaN broken reflectiveness bananas == bananas is false
ok 35 Chrome 98.0 - [undefined ms] - Number parseInt('bananas') NaN broken reflectiveness bananas === bananas is false!
ok 36 Chrome 98.0 - [undefined ms] - Number _.parseInt('bananas') _.isNumber is true
ok 37 Chrome 98.0 - [undefined ms] - Number _.parseInt('bananas') is typeof 'number'
ok 38 Chrome 98.0 - [undefined ms] - Number _.parseInt('bananas') NaN is true
ok 39 Chrome 98.0 - [undefined ms] - Number _.parseInt('bananas') NaN broken reflectiveness bananas == bananas is false
ok 40 Chrome 98.0 - [undefined ms] - Number _.parseInt('bananas') NaN broken reflectiveness bananas === bananas is false!
ok 41 Chrome 98.0 - [undefined ms] - Number parse from string whitespace to 0 Number('0') returns 0
ok 42 Chrome 98.0 - [undefined ms] - Number parse from string whitespace to 0 Number('') returns 0
ok 43 Chrome 98.0 - [undefined ms] - Number parse from string whitespace to 0 Number(' ') returns 0
ok 44 Chrome 98.0 - [undefined ms] - Number parse from string whitespace to 0 Number('/r/n/t') returns 0
ok 45 Chrome 98.0 - [undefined ms] - Number parse from string 0 . Number('0.') returns 0
ok 46 Chrome 98.0 - [undefined ms] - Number parse from string 0 . Number('.0') returns 0
ok 47 Chrome 98.0 - [undefined ms] - Number parse from string 0 . Number('.') returns NaN
ok 48 Chrome 98.0 - [undefined ms] - Number parse from string 0 XO Number('0O0') returns 0
ok 49 Chrome 98.0 - [undefined ms] - Number parse from string 0 XO Number('0X0') returns 0
ok 50 Chrome 98.0 - [undefined ms] - Number parse from string -0 Number('-0') is -0
ok 51 Chrome 98.0 - [undefined ms] - Number parse from string -0 Number('-0') does not equal 0
ok 52 Chrome 98.0 - [undefined ms] - Number parse from string -0 JSON.parse('-0) is -0
ok 53 Chrome 98.0 - [undefined ms] - Number parse from string -0 - 0 is -0
ok 54 Chrome 98.0 - [undefined ms] - Number parse from string -0 - 0 Number('- 0') returns NaN
ok 55 Chrome 98.0 - [undefined ms] - Number .toFixed(x) 42.toFixed(2) variable parses
ok 56 Chrome 98.0 - [undefined ms] - Number .toFixed(x) 42.toFixed(2) 42 .toFixed(2) returns '42.00'
ok 57 Chrome 98.0 - [undefined ms] - Number .toFixed(x) 42.toFixed(2) 42.0.toFixed(2) returns '42.00'
ok 58 Chrome 98.0 - [undefined ms] - Number .toFixed(x) 42.toFixed(2) 42..toFixed(2) returns '42.00'
ok 59 Chrome 98.0 - [undefined ms] - Number VALUE MAX is > 0
ok 60 Chrome 98.0 - [undefined ms] - Number VALUE MAX is the biggest possible number
ok 61 Chrome 98.0 - [undefined ms] - Number VALUE MIN is NOT even a negative number
ok 62 Chrome 98.0 - [undefined ms] - Number VALUE MIN is NOT even 0 itself
ok 63 Chrome 98.0 - [undefined ms] - Number VALUE MIN it is actually a positive number
ok 64 Chrome 98.0 - [undefined ms] - Number VALUE MIN is close to 0
ok 65 Chrome 98.0 - [undefined ms] - Number -0 is -0
ok 66 Chrome 98.0 - [undefined ms] - Number -0 equals -0
ok 67 Chrome 98.0 - [undefined ms] - Number -0 does not equal 0
ok 68 Chrome 98.0 - [undefined ms] - Number -0 to string JSON.stringify(-0) returns '0'
ok 69 Chrome 98.0 - [undefined ms] - Number -0 to string String(-0) returns '0'
ok 70 Chrome 98.0 - [undefined ms] - Number -0 to string -0 + '' returns '0'
ok 71 Chrome 98.0 - [undefined ms] - Number -0 to string '' + -0 returns '0'
ok 72 Chrome 98.0 - [undefined ms] - Number -0 to string '' - 0 does NOT return '0'
ok 73 Chrome 98.0 - [undefined ms] - Number -0 to string '' - 0 returns 0, NOT '0'
ok 74 Chrome 98.0 - [undefined ms] - Array [] brackets is typeof 'object', not 'array'
ok 75 Chrome 98.0 - [undefined ms] - Array [] brackets is instanceof Array
ok 76 Chrome 98.0 - [undefined ms] - Array [] brackets is instanceof Object
ok 77 Chrome 98.0 - [undefined ms] - Array [] brackets String([]) returns ''
ok 78 Chrome 98.0 - [undefined ms] - Array [] brackets String([]) is typeof string
ok 79 Chrome 98.0 - [undefined ms] - Array [] brackets lodash _.isObject is
ok 80 Chrome 98.0 - [undefined ms] - Array [] brackets lodash _.isArray is
ok 81 Chrome 98.0 - [undefined ms] - Array [] instance is typeof 'object', not 'array'
ok 82 Chrome 98.0 - [undefined ms] - Array [] instance is instanceof Array
ok 83 Chrome 98.0 - [undefined ms] - Array [] instance is instanceof Object
ok 84 Chrome 98.0 - [undefined ms] - Array [] instance String([]) returns ''
ok 85 Chrome 98.0 - [undefined ms] - Array [] instance String([]) is typeof string
ok 86 Chrome 98.0 - [undefined ms] - Array [] instance lodash _.isObject is
ok 87 Chrome 98.0 - [undefined ms] - Array [] instance lodash _.isArray is
ok 88 Chrome 98.0 - [undefined ms] - Array [1, 2, 3] .map(x => x * 2) returns [2, 4, 6]
ok 89 Chrome 98.0 - [undefined ms] - Array <3 empty slots> [].length=3 is instanceof Array
ok 90 Chrome 98.0 - [undefined ms] - Array <3 empty slots> [].length=3 is typeof 'object'
ok 91 Chrome 98.0 - [undefined ms] - Array <3 empty slots> [].length=3 lodash _.isArray
ok 92 Chrome 98.0 - [undefined ms] - Array <3 empty slots> [].length=3 has length 3
ok 93 Chrome 98.0 - [undefined ms] - Array <3 empty slots> [].length=3 equals [undefined, undefined, undefined]
ok 94 Chrome 98.0 - [undefined ms] - Array <3 empty slots> [].length=3 .toString() equals ',,'
ok 95 Chrome 98.0 - [undefined ms] - Array <3 empty slots> [].length=3 .toString() does NOT equal '[undefined, undefined, undefined]'
ok 96 Chrome 98.0 - [undefined ms] - Array <3 empty slots> [].length=3 .map(x => 'slot') empty slots does NOT equal 'slot;slot;slot'
ok 97 Chrome 98.0 - [undefined ms] - Array <3 empty slots> [].length=3 .map(x => 'slot') empty slots actually equals ';;'
ok 98 Chrome 98.0 - [undefined ms] - Array <3 empty slots> [,,,] is instanceof Array
ok 99 Chrome 98.0 - [undefined ms] - Array <3 empty slots> [,,,] is typeof 'object'
ok 100 Chrome 98.0 - [undefined ms] - Array <3 empty slots> [,,,] lodash _.isArray
ok 101 Chrome 98.0 - [undefined ms] - Array <3 empty slots> [,,,] has length 3
ok 102 Chrome 98.0 - [undefined ms] - Array <3 empty slots> [,,,] equals [undefined, undefined, undefined]
ok 103 Chrome 98.0 - [undefined ms] - Array <3 empty slots> [,,,] .toString() equals ',,'
ok 104 Chrome 98.0 - [undefined ms] - Array <3 empty slots> [,,,] .toString() does NOT equal '[undefined, undefined, undefined]'
ok 105 Chrome 98.0 - [undefined ms] - Array <3 empty slots> [,,,] .map(x => 'slot') empty slots does NOT equal 'slot;slot;slot'
ok 106 Chrome 98.0 - [undefined ms] - Array <3 empty slots> [,,,] .map(x => 'slot') empty slots actually equals ';;'
ok 107 Chrome 98.0 - [undefined ms] - Array <3 empty slots> [ undefined x 3 ] is instanceof Array
ok 108 Chrome 98.0 - [undefined ms] - Array <3 empty slots> [ undefined x 3 ] is typeof 'object'
ok 109 Chrome 98.0 - [undefined ms] - Array <3 empty slots> [ undefined x 3 ] lodash _.isArray
ok 110 Chrome 98.0 - [undefined ms] - Array <3 empty slots> [ undefined x 3 ] has length 3
ok 111 Chrome 98.0 - [undefined ms] - Array <3 empty slots> [ undefined x 3 ] equals [undefined, undefined, undefined]
ok 112 Chrome 98.0 - [undefined ms] - Array <3 empty slots> [ undefined x 3 ] .toString() equals ',,'
ok 113 Chrome 98.0 - [undefined ms] - Array <3 empty slots> [ undefined x 3 ] .toString() does NOT equal '[undefined, undefined, undefined]'
ok 114 Chrome 98.0 - [undefined ms] - Array <3 empty slots> [ undefined x 3 ] .map(x => 'slot') [ undefined x 3 ] equals 'slot;slot;slot'
ok 115 Chrome 98.0 - [undefined ms] - Array <3 empty slots> Array(3) is instanceof Array
ok 116 Chrome 98.0 - [undefined ms] - Array <3 empty slots> Array(3) is typeof 'object'
ok 117 Chrome 98.0 - [undefined ms] - Array <3 empty slots> Array(3) lodash _.isArray
ok 118 Chrome 98.0 - [undefined ms] - Array <3 empty slots> Array(3) has length 3
ok 119 Chrome 98.0 - [undefined ms] - Array <3 empty slots> Array(3) equals [undefined, undefined, undefined]
ok 120 Chrome 98.0 - [undefined ms] - Array <3 empty slots> Array(3) .toString() equals ',,'
ok 121 Chrome 98.0 - [undefined ms] - Array <3 empty slots> Array(3) .toString() does NOT equal '[undefined, undefined, undefined]'
ok 122 Chrome 98.0 - [undefined ms] - Array <3 empty slots> Array(3) .map(x => 'slot') empty slots does NOT equal 'slot;slot;slot'
ok 123 Chrome 98.0 - [undefined ms] - Array <3 empty slots> Array(3) .map(x => 'slot') empty slots actually equals ';;'
ok 124 Chrome 98.0 - [undefined ms] - Array <3 empty slots> new Array(3) is instanceof Array
ok 125 Chrome 98.0 - [undefined ms] - Array <3 empty slots> new Array(3) is typeof 'object'
ok 126 Chrome 98.0 - [undefined ms] - Array <3 empty slots> new Array(3) lodash _.isArray
ok 127 Chrome 98.0 - [undefined ms] - Array <3 empty slots> new Array(3) has length 3
ok 128 Chrome 98.0 - [undefined ms] - Array <3 empty slots> new Array(3) equals [undefined, undefined, undefined]
ok 129 Chrome 98.0 - [undefined ms] - Array <3 empty slots> new Array(3) .toString() equals ',,'
ok 130 Chrome 98.0 - [undefined ms] - Array <3 empty slots> new Array(3) .toString() does NOT equal '[undefined, undefined, undefined]'
ok 131 Chrome 98.0 - [undefined ms] - Array <3 empty slots> new Array(3) .map(x => 'slot') empty slots does NOT equal 'slot;slot;slot'
ok 132 Chrome 98.0 - [undefined ms] - Array <3 empty slots> new Array(3) .map(x => 'slot') empty slots actually equals ';;'
ok 133 Chrome 98.0 - [undefined ms] - Object coercion [] !== [] is true
ok 134 Chrome 98.0 - [undefined ms] - Object coercion [] + {} equals '[object Object]'
ok 135 Chrome 98.0 - [undefined ms] - Object coercion {} + [] is 0
ok 136 Chrome 98.0 - [undefined ms] - Object coercion {} + [] equals '[object Object]'
ok 137 Chrome 98.0 - [undefined ms] - Object {} is typeof object
ok 138 Chrome 98.0 - [undefined ms] - Object {} is instanceof Object
ok 139 Chrome 98.0 - [undefined ms] - Object {} String({}) returns '[object Object]' string
ok 140 Chrome 98.0 - [undefined ms] - Object {} String({}) is typeof string
ok 141 Chrome 98.0 - [undefined ms] - Object {} lodash _.isObject is
ok 142 Chrome 98.0 - [undefined ms] - Object {} lodash _.isArray is not
ok 143 Chrome 98.0 - [undefined ms] - Object {} is typeof object
ok 144 Chrome 98.0 - [undefined ms] - Object {} is instanceof Object
ok 145 Chrome 98.0 - [undefined ms] - Object {} String({}) returns '[object Object]' string
ok 146 Chrome 98.0 - [undefined ms] - Object {} String({}) is typeof string
ok 147 Chrome 98.0 - [undefined ms] - Object {} lodash _.isObject is
ok 148 Chrome 98.0 - [undefined ms] - Object {} lodash _.isArray is not
ok 149 Chrome 98.0 - [undefined ms] - Object newCoordinate(longitude, latitude) {longitude:x, latitude:y} unpacking as-is longitude equals 180, from coordinate.longitude
ok 150 Chrome 98.0 - [undefined ms] - Object newCoordinate(longitude, latitude) {longitude:x, latitude:y} unpacking as-is latitude equals 90, from coordinate.latitude
ok 151 Chrome 98.0 - [undefined ms] - Object newCoordinate(longitude, latitude) {longitude:x, latitude:y} unpacking rename x equals 180, from coordinate.longitude
ok 152 Chrome 98.0 - [undefined ms] - Object newCoordinate(longitude, latitude) {longitude:x, latitude:y} unpacking rename y equals 90, from coordinate.latitude
ok 153 Chrome 98.0 - [undefined ms] - Object newCoordinate(longitude, latitude) { longitude, latitude } unpacking as-is longitude equals 180, from coordinate.longitude
ok 154 Chrome 98.0 - [undefined ms] - Object newCoordinate(longitude, latitude) { longitude, latitude } unpacking as-is latitude equals 90, from coordinate.latitude
ok 155 Chrome 98.0 - [undefined ms] - Object newCoordinate(longitude, latitude) { longitude, latitude } unpacking rename x equals 180, from coordinate.longitude
ok 156 Chrome 98.0 - [undefined ms] - Object newCoordinate(longitude, latitude) { longitude, latitude } unpacking rename y equals 90, from coordinate.latitude
ok 157 Chrome 98.0 - [undefined ms] - Object newCoordinate(longitude, latitude) ({latitude:180, longitude:90}) unpacking as-is longitude equals 180, from coordinate.longitude
ok 158 Chrome 98.0 - [undefined ms] - Object newCoordinate(longitude, latitude) ({latitude:180, longitude:90}) unpacking as-is latitude equals 90, from coordinate.latitude
ok 159 Chrome 98.0 - [undefined ms] - Object newCoordinate(longitude, latitude) ({latitude:180, longitude:90}) unpacking rename x equals 180, from coordinate.longitude
ok 160 Chrome 98.0 - [undefined ms] - Object newCoordinate(longitude, latitude) ({latitude:180, longitude:90}) unpacking rename y equals 90, from coordinate.latitude
ok 161 Chrome 98.0 - [undefined ms] - Object newCoordinate(longitude, latitude) ({x:180, y:180}) unpacking as-is longitude equals 180, from coordinate.longitude
ok 162 Chrome 98.0 - [undefined ms] - Object newCoordinate(longitude, latitude) ({x:180, y:180}) unpacking as-is latitude equals 90, from coordinate.latitude
ok 163 Chrome 98.0 - [undefined ms] - Object newCoordinate(longitude, latitude) ({x:180, y:180}) unpacking rename x equals 180, from coordinate.longitude
ok 164 Chrome 98.0 - [undefined ms] - Object newCoordinate(longitude, latitude) ({x:180, y:180}) unpacking rename y equals 90, from coordinate.latitude
ok 165 Chrome 98.0 - [undefined ms] - String parse nothing String(undefined) returns 'undefined'
ok 166 Chrome 98.0 - [undefined ms] - String parse nothing String(undefined) is typeof string
ok 167 Chrome 98.0 - [undefined ms] - String parse nothing String(null) returns 'undefined'
ok 168 Chrome 98.0 - [undefined ms] - String parse nothing String(null) is typeof string
ok 169 Chrome 98.0 - [undefined ms] - String parse Object String({}) String({}) returns '[object Object]' string
ok 170 Chrome 98.0 - [undefined ms] - String parse Object String({}) String({}) is typeof string
ok 171 Chrome 98.0 - [undefined ms] - String parse Object String({}) {} + '' returns '[object Object]' string
ok 172 Chrome 98.0 - [undefined ms] - String parse Object String({}) {} + '' is typeof string
ok 173 Chrome 98.0 - [undefined ms] - String parse Object String({}) '' + {} returns '[object Object]' string
ok 174 Chrome 98.0 - [undefined ms] - String parse Object String({}) '' + {} is typeof string
ok 175 Chrome 98.0 - [undefined ms] - String parse Object Array String([]) String([]) returns ''
ok 176 Chrome 98.0 - [undefined ms] - String parse Object Array String([]) String([]) is typeof string
ok 177 Chrome 98.0 - [undefined ms] - String parse Object Array String([]) String([undefined]) returns ''
ok 178 Chrome 98.0 - [undefined ms] - String parse Object Array String([]) String([undefined]) is typeof string
ok 179 Chrome 98.0 - [undefined ms] - String parse Object Array String([]) String([null]) returns ''
ok 180 Chrome 98.0 - [undefined ms] - String parse Object Array String([]) String([null]) is typeof string
ok 181 Chrome 98.0 - [undefined ms] - String parse Object Array String([]) [] + '' returns ''
ok 182 Chrome 98.0 - [undefined ms] - String parse Object Array String([]) [] + '' is typeof string
ok 183 Chrome 98.0 - [undefined ms] - String parse Object Array String([]) '' + [] returns ''
ok 184 Chrome 98.0 - [undefined ms] - String parse Object Array String([]) '' + [] is typeof string
ok 185 Chrome 98.0 - [undefined ms] - String parse Object Array new String([]) new String([]) is typeof 'object', not 'string'
ok 186 Chrome 98.0 - [undefined ms] - String parse Object Array new String([]) new String([]) is instanceof String
ok 187 Chrome 98.0 - [undefined ms] - String parse Object Array new String([]) new String([]) is instanceof Object
ok 188 Chrome 98.0 - [undefined ms] - String parse Object Array new String([]) new String([]) .toString() returns ''
ok 189 Chrome 98.0 - [undefined ms] - String parse Object Array new String([]) new String([undefined]) is typeof 'object', not 'string'
ok 190 Chrome 98.0 - [undefined ms] - String parse Object Array new String([]) new String([undefined]) is instanceof String
ok 191 Chrome 98.0 - [undefined ms] - String parse Object Array new String([]) new String([undefined]) is instanceof Object
ok 192 Chrome 98.0 - [undefined ms] - String parse Object Array new String([]) new String([undefined]) .toString() returns ''
ok 193 Chrome 98.0 - [undefined ms] - String parse Object Array new String([]) new String([null]) is typeof 'object', not 'string'
ok 194 Chrome 98.0 - [undefined ms] - String parse Object Array new String([]) new String([null]) is instanceof String
ok 195 Chrome 98.0 - [undefined ms] - String parse Object Array new String([]) new String([null]) is instanceof Object
ok 196 Chrome 98.0 - [undefined ms] - String parse Object Array new String([]) new String([null]) .toString() returns ''
ok 197 Chrome 98.0 - [undefined ms] - String parse Object Array String([,,]) String([,,]) returns ','
ok 198 Chrome 98.0 - [undefined ms] - String parse Object Array String([,,]) String([,,]) is typeof string
ok 199 Chrome 98.0 - [undefined ms] - String parse Object Array String([,,]) String([undefined,undefined,]) returns ','
ok 200 Chrome 98.0 - [undefined ms] - String parse Object Array String([,,]) String([undefined,undefined,]) is typeof string
ok 201 Chrome 98.0 - [undefined ms] - String parse Object Array String([,,]) String([null,null,]) returns ','
ok 202 Chrome 98.0 - [undefined ms] - String parse Object Array String([,,]) String([null,null,]) is typeof string
ok 203 Chrome 98.0 - [undefined ms] - switch case order magicNumber 10 returns 2
ok 204 Chrome 98.0 - [undefined ms] - switch case order magicNumber 20 returns 2
ok 205 Chrome 98.0 - [undefined ms] - switch case order magicNumber 30 returns 4
ok 206 Chrome 98.0 - [undefined ms] - switch case order magicNumber 42 returns 3
ok 207 Chrome 98.0 - [undefined ms] - Symbol to string Symbol('that is cool') convert String(oSymbol) can be converted Symbol('that is cool')
ok 208 Chrome 98.0 - [undefined ms] - Symbol to string Symbol('that is cool') convert oSymbol.toString() can be converted Symbol('that is cool')
ok 209 Chrome 98.0 - [undefined ms] - Symbol to string Symbol('that is cool') cast oSymbol + '' throws a TypeError
ok 210 Chrome 98.0 - [undefined ms] - Symbol to string Symbol('that is cool') cast oSymbol + '' error message Common throws a TypeError: message
ok 211 Chrome 98.0 - [undefined ms] - Symbol to string Symbol('that is cool') cast oSymbol + '' error message Safari throws a TypeError: message
ok 212 Chrome 98.0 - [undefined ms] - Symbol to string Symbol('that is cool') cast '' + oSymbol throws a TypeError
ok 213 Chrome 98.0 - [undefined ms] - Symbol to string Symbol('that is cool') cast '' + oSymbol error message Common throws a TypeError: message
ok 214 Chrome 98.0 - [undefined ms] - Symbol to string Symbol('that is cool') cast '' + oSymbol error message Safari throws a TypeError: message
ok 215 Chrome 98.0 - [undefined ms] - try { something } finally { return x } always runs last
ok 216 Firefox 96.0 - [undefined ms] - function iterators 1, 2, 3 iterator.next() returns 1, 2 & 3
ok 217 Firefox 96.0 - [undefined ms] - NaN Number isNaN
ok 218 Firefox 96.0 - [undefined ms] - NaN Number is typeof 'number'
ok 219 Firefox 96.0 - [undefined ms] - NaN lodash _.isNaN(NaN) is
ok 220 Firefox 96.0 - [undefined ms] - NaN lodash _.isNumber(NaN) is
ok 221 Firefox 96.0 - [undefined ms] - NaN jasmine .toBeFalsy() is
ok 222 Firefox 96.0 - [undefined ms] - null Object is typeof 'object'
ok 223 Firefox 96.0 - [undefined ms] - null Object is NOT instanceof Object
ok 224 Firefox 96.0 - [undefined ms] - null Number isNaN(null) is NOT
ok 225 Firefox 96.0 - [undefined ms] - null lodash _.isNull(null) is
ok 226 Firefox 96.0 - [undefined ms] - null jasmine .toBeNull() is
ok 227 Firefox 96.0 - [undefined ms] - null jasmine .toBeFalsy() is
ok 228 Firefox 96.0 - [undefined ms] - null jasmine .toEqual(undefined) is NOT!
ok 229 Firefox 96.0 - [undefined ms] - undefined is typeof 'undefined
ok 230 Firefox 96.0 - [undefined ms] - undefined Number isNaN
ok 231 Firefox 96.0 - [undefined ms] - undefined null is not identical to null
ok 232 Firefox 96.0 - [undefined ms] - undefined null equals null
ok 233 Firefox 96.0 - [undefined ms] - undefined lodash _.isUndefined(undefined) is
ok 234 Firefox 96.0 - [undefined ms] - undefined jasmine .toBeFalsy() is
ok 235 Firefox 96.0 - [undefined ms] - undefined jasmine .toEqual(null) is NOT!
ok 236 Firefox 96.0 - [undefined ms] - Number left associativity 1 < 2 < 3 is true
ok 237 Firefox 96.0 - [undefined ms] - Number left associativity 3 > 2 > 1 is false!
ok 238 Firefox 96.0 - [undefined ms] - Number parse null-sy Number(null) returns 0
ok 239 Firefox 96.0 - [undefined ms] - Number parse null-sy Number(undefined) is typeof 'number'
ok 240 Firefox 96.0 - [undefined ms] - Number parse null-sy Number(undefined) isNaN
ok 241 Firefox 96.0 - [undefined ms] - Number parse null-sy Number(undefined) is not 0
ok 242 Firefox 96.0 - [undefined ms] - Number parse objects Number({}) is typeof 'number'
ok 243 Firefox 96.0 - [undefined ms] - Number parse objects Number({}) is NaN
ok 244 Firefox 96.0 - [undefined ms] - Number parse objects Number([]) is typeof 'number'
ok 245 Firefox 96.0 - [undefined ms] - Number parse objects Number([]) is NOT a NaN
ok 246 Firefox 96.0 - [undefined ms] - Number parseInt('bananas') _.isNumber is true
ok 247 Firefox 96.0 - [undefined ms] - Number parseInt('bananas') is typeof 'number'
ok 248 Firefox 96.0 - [undefined ms] - Number parseInt('bananas') NaN is true
ok 249 Firefox 96.0 - [undefined ms] - Number parseInt('bananas') NaN broken reflectiveness bananas == bananas is false
ok 250 Firefox 96.0 - [undefined ms] - Number parseInt('bananas') NaN broken reflectiveness bananas === bananas is false!
ok 251 Firefox 96.0 - [undefined ms] - Number _.parseInt('bananas') _.isNumber is true
ok 252 Firefox 96.0 - [undefined ms] - Number _.parseInt('bananas') is typeof 'number'
ok 253 Firefox 96.0 - [undefined ms] - Number _.parseInt('bananas') NaN is true
ok 254 Firefox 96.0 - [undefined ms] - Number _.parseInt('bananas') NaN broken reflectiveness bananas == bananas is false
ok 255 Firefox 96.0 - [undefined ms] - Number _.parseInt('bananas') NaN broken reflectiveness bananas === bananas is false!
ok 256 Firefox 96.0 - [undefined ms] - Number parse from string whitespace to 0 Number('0') returns 0
ok 257 Firefox 96.0 - [undefined ms] - Number parse from string whitespace to 0 Number('') returns 0
ok 258 Firefox 96.0 - [undefined ms] - Number parse from string whitespace to 0 Number(' ') returns 0
ok 259 Firefox 96.0 - [undefined ms] - Number parse from string whitespace to 0 Number('/r/n/t') returns 0
ok 260 Firefox 96.0 - [undefined ms] - Number parse from string 0 . Number('0.') returns 0
ok 261 Firefox 96.0 - [undefined ms] - Number parse from string 0 . Number('.0') returns 0
ok 262 Firefox 96.0 - [undefined ms] - Number parse from string 0 . Number('.') returns NaN
ok 263 Firefox 96.0 - [undefined ms] - Number parse from string 0 XO Number('0O0') returns 0
ok 264 Firefox 96.0 - [undefined ms] - Number parse from string 0 XO Number('0X0') returns 0
ok 265 Firefox 96.0 - [undefined ms] - Number parse from string -0 Number('-0') is -0
ok 266 Firefox 96.0 - [undefined ms] - Number parse from string -0 Number('-0') does not equal 0
ok 267 Firefox 96.0 - [undefined ms] - Number parse from string -0 JSON.parse('-0) is -0
ok 268 Firefox 96.0 - [undefined ms] - Number parse from string -0 - 0 is -0
ok 269 Firefox 96.0 - [undefined ms] - Number parse from string -0 - 0 Number('- 0') returns NaN
ok 270 Firefox 96.0 - [undefined ms] - Number .toFixed(x) 42.toFixed(2) variable parses
ok 271 Firefox 96.0 - [undefined ms] - Number .toFixed(x) 42.toFixed(2) 42 .toFixed(2) returns '42.00'
ok 272 Firefox 96.0 - [undefined ms] - Number .toFixed(x) 42.toFixed(2) 42.0.toFixed(2) returns '42.00'
ok 273 Firefox 96.0 - [undefined ms] - Number .toFixed(x) 42.toFixed(2) 42..toFixed(2) returns '42.00'
ok 274 Firefox 96.0 - [undefined ms] - Number VALUE MAX is > 0
ok 275 Firefox 96.0 - [undefined ms] - Number VALUE MAX is the biggest possible number
ok 276 Firefox 96.0 - [undefined ms] - Number VALUE MIN is NOT even a negative number
ok 277 Firefox 96.0 - [undefined ms] - Number VALUE MIN is NOT even 0 itself
ok 278 Firefox 96.0 - [undefined ms] - Number VALUE MIN it is actually a positive number
ok 279 Firefox 96.0 - [undefined ms] - Number VALUE MIN is close to 0
ok 280 Firefox 96.0 - [undefined ms] - Number -0 is -0
ok 281 Firefox 96.0 - [undefined ms] - Number -0 equals -0
ok 282 Firefox 96.0 - [undefined ms] - Number -0 does not equal 0
ok 283 Firefox 96.0 - [undefined ms] - Number -0 to string JSON.stringify(-0) returns '0'
ok 284 Firefox 96.0 - [undefined ms] - Number -0 to string String(-0) returns '0'
ok 285 Firefox 96.0 - [undefined ms] - Number -0 to string -0 + '' returns '0'
ok 286 Firefox 96.0 - [undefined ms] - Number -0 to string '' + -0 returns '0'
ok 287 Firefox 96.0 - [undefined ms] - Number -0 to string '' - 0 does NOT return '0'
ok 288 Firefox 96.0 - [undefined ms] - Number -0 to string '' - 0 returns 0, NOT '0'
ok 289 Firefox 96.0 - [undefined ms] - Array [] brackets is typeof 'object', not 'array'
ok 290 Firefox 96.0 - [undefined ms] - Array [] brackets is instanceof Array
ok 291 Firefox 96.0 - [undefined ms] - Array [] brackets is instanceof Object
ok 292 Firefox 96.0 - [undefined ms] - Array [] brackets String([]) returns ''
ok 293 Firefox 96.0 - [undefined ms] - Array [] brackets String([]) is typeof string
ok 294 Firefox 96.0 - [undefined ms] - Array [] brackets lodash _.isObject is
ok 295 Firefox 96.0 - [undefined ms] - Array [] brackets lodash _.isArray is
ok 296 Firefox 96.0 - [undefined ms] - Array [] instance is typeof 'object', not 'array'
ok 297 Firefox 96.0 - [undefined ms] - Array [] instance is instanceof Array
ok 298 Firefox 96.0 - [undefined ms] - Array [] instance is instanceof Object
ok 299 Firefox 96.0 - [undefined ms] - Array [] instance String([]) returns ''
ok 300 Firefox 96.0 - [undefined ms] - Array [] instance String([]) is typeof string
ok 301 Firefox 96.0 - [undefined ms] - Array [] instance lodash _.isObject is
ok 302 Firefox 96.0 - [undefined ms] - Array [] instance lodash _.isArray is
ok 303 Firefox 96.0 - [undefined ms] - Array [1, 2, 3] .map(x => x * 2) returns [2, 4, 6]
ok 304 Firefox 96.0 - [undefined ms] - Array <3 empty slots> [].length=3 is instanceof Array
ok 305 Firefox 96.0 - [undefined ms] - Array <3 empty slots> [].length=3 is typeof 'object'
ok 306 Firefox 96.0 - [undefined ms] - Array <3 empty slots> [].length=3 lodash _.isArray
ok 307 Firefox 96.0 - [undefined ms] - Array <3 empty slots> [].length=3 has length 3
ok 308 Firefox 96.0 - [undefined ms] - Array <3 empty slots> [].length=3 equals [undefined, undefined, undefined]
ok 309 Firefox 96.0 - [undefined ms] - Array <3 empty slots> [].length=3 .toString() equals ',,'
ok 310 Firefox 96.0 - [undefined ms] - Array <3 empty slots> [].length=3 .toString() does NOT equal '[undefined, undefined, undefined]'
ok 311 Firefox 96.0 - [undefined ms] - Array <3 empty slots> [].length=3 .map(x => 'slot') empty slots does NOT equal 'slot;slot;slot'
ok 312 Firefox 96.0 - [undefined ms] - Array <3 empty slots> [].length=3 .map(x => 'slot') empty slots actually equals ';;'
ok 313 Firefox 96.0 - [undefined ms] - Array <3 empty slots> [,,,] is instanceof Array
ok 314 Firefox 96.0 - [undefined ms] - Array <3 empty slots> [,,,] is typeof 'object'
ok 315 Firefox 96.0 - [undefined ms] - Array <3 empty slots> [,,,] lodash _.isArray
ok 316 Firefox 96.0 - [undefined ms] - Array <3 empty slots> [,,,] has length 3
ok 317 Firefox 96.0 - [undefined ms] - Array <3 empty slots> [,,,] equals [undefined, undefined, undefined]
ok 318 Firefox 96.0 - [undefined ms] - Array <3 empty slots> [,,,] .toString() equals ',,'
ok 319 Firefox 96.0 - [undefined ms] - Array <3 empty slots> [,,,] .toString() does NOT equal '[undefined, undefined, undefined]'
ok 320 Firefox 96.0 - [undefined ms] - Array <3 empty slots> [,,,] .map(x => 'slot') empty slots does NOT equal 'slot;slot;slot'
ok 321 Firefox 96.0 - [undefined ms] - Array <3 empty slots> [,,,] .map(x => 'slot') empty slots actually equals ';;'
ok 322 Firefox 96.0 - [undefined ms] - Array <3 empty slots> [ undefined x 3 ] is instanceof Array
ok 323 Firefox 96.0 - [undefined ms] - Array <3 empty slots> [ undefined x 3 ] is typeof 'object'
ok 324 Firefox 96.0 - [undefined ms] - Array <3 empty slots> [ undefined x 3 ] lodash _.isArray
ok 325 Firefox 96.0 - [undefined ms] - Array <3 empty slots> [ undefined x 3 ] has length 3
ok 326 Firefox 96.0 - [undefined ms] - Array <3 empty slots> [ undefined x 3 ] equals [undefined, undefined, undefined]
ok 327 Firefox 96.0 - [undefined ms] - Array <3 empty slots> [ undefined x 3 ] .toString() equals ',,'
ok 328 Firefox 96.0 - [undefined ms] - Array <3 empty slots> [ undefined x 3 ] .toString() does NOT equal '[undefined, undefined, undefined]'
ok 329 Firefox 96.0 - [undefined ms] - Array <3 empty slots> [ undefined x 3 ] .map(x => 'slot') [ undefined x 3 ] equals 'slot;slot;slot'
ok 330 Firefox 96.0 - [undefined ms] - Array <3 empty slots> Array(3) is instanceof Array
ok 331 Firefox 96.0 - [undefined ms] - Array <3 empty slots> Array(3) is typeof 'object'
ok 332 Firefox 96.0 - [undefined ms] - Array <3 empty slots> Array(3) lodash _.isArray
ok 333 Firefox 96.0 - [undefined ms] - Array <3 empty slots> Array(3) has length 3
ok 334 Firefox 96.0 - [undefined ms] - Array <3 empty slots> Array(3) equals [undefined, undefined, undefined]
ok 335 Firefox 96.0 - [undefined ms] - Array <3 empty slots> Array(3) .toString() equals ',,'
ok 336 Firefox 96.0 - [undefined ms] - Array <3 empty slots> Array(3) .toString() does NOT equal '[undefined, undefined, undefined]'
ok 337 Firefox 96.0 - [undefined ms] - Array <3 empty slots> Array(3) .map(x => 'slot') empty slots does NOT equal 'slot;slot;slot'
ok 338 Firefox 96.0 - [undefined ms] - Array <3 empty slots> Array(3) .map(x => 'slot') empty slots actually equals ';;'
ok 339 Firefox 96.0 - [undefined ms] - Array <3 empty slots> new Array(3) is instanceof Array
ok 340 Firefox 96.0 - [undefined ms] - Array <3 empty slots> new Array(3) is typeof 'object'
ok 341 Firefox 96.0 - [undefined ms] - Array <3 empty slots> new Array(3) lodash _.isArray
ok 342 Firefox 96.0 - [undefined ms] - Array <3 empty slots> new Array(3) has length 3
ok 343 Firefox 96.0 - [undefined ms] - Array <3 empty slots> new Array(3) equals [undefined, undefined, undefined]
ok 344 Firefox 96.0 - [undefined ms] - Array <3 empty slots> new Array(3) .toString() equals ',,'
ok 345 Firefox 96.0 - [undefined ms] - Array <3 empty slots> new Array(3) .toString() does NOT equal '[undefined, undefined, undefined]'
ok 346 Firefox 96.0 - [undefined ms] - Array <3 empty slots> new Array(3) .map(x => 'slot') empty slots does NOT equal 'slot;slot;slot'
ok 347 Firefox 96.0 - [undefined ms] - Array <3 empty slots> new Array(3) .map(x => 'slot') empty slots actually equals ';;'
ok 348 Firefox 96.0 - [undefined ms] - Object coercion [] !== [] is true
ok 349 Firefox 96.0 - [undefined ms] - Object coercion [] + {} equals '[object Object]'
ok 350 Firefox 96.0 - [undefined ms] - Object coercion {} + [] is 0
ok 351 Firefox 96.0 - [undefined ms] - Object coercion {} + [] equals '[object Object]'
ok 352 Firefox 96.0 - [undefined ms] - Object {} is typeof object
ok 353 Firefox 96.0 - [undefined ms] - Object {} is instanceof Object
ok 354 Firefox 96.0 - [undefined ms] - Object {} String({}) returns '[object Object]' string
ok 355 Firefox 96.0 - [undefined ms] - Object {} String({}) is typeof string
ok 356 Firefox 96.0 - [undefined ms] - Object {} lodash _.isObject is
ok 357 Firefox 96.0 - [undefined ms] - Object {} lodash _.isArray is not
ok 358 Firefox 96.0 - [undefined ms] - Object {} is typeof object
ok 359 Firefox 96.0 - [undefined ms] - Object {} is instanceof Object
ok 360 Firefox 96.0 - [undefined ms] - Object {} String({}) returns '[object Object]' string
ok 361 Firefox 96.0 - [undefined ms] - Object {} String({}) is typeof string
ok 362 Firefox 96.0 - [undefined ms] - Object {} lodash _.isObject is
ok 363 Firefox 96.0 - [undefined ms] - Object {} lodash _.isArray is not
ok 364 Firefox 96.0 - [undefined ms] - Object newCoordinate(longitude, latitude) {longitude:x, latitude:y} unpacking as-is longitude equals 180, from coordinate.longitude
ok 365 Firefox 96.0 - [undefined ms] - Object newCoordinate(longitude, latitude) {longitude:x, latitude:y} unpacking as-is latitude equals 90, from coordinate.latitude
ok 366 Firefox 96.0 - [undefined ms] - Object newCoordinate(longitude, latitude) {longitude:x, latitude:y} unpacking rename x equals 180, from coordinate.longitude
ok 367 Firefox 96.0 - [undefined ms] - Object newCoordinate(longitude, latitude) {longitude:x, latitude:y} unpacking rename y equals 90, from coordinate.latitude
ok 368 Firefox 96.0 - [undefined ms] - Object newCoordinate(longitude, latitude) { longitude, latitude } unpacking as-is longitude equals 180, from coordinate.longitude
ok 369 Firefox 96.0 - [undefined ms] - Object newCoordinate(longitude, latitude) { longitude, latitude } unpacking as-is latitude equals 90, from coordinate.latitude
ok 370 Firefox 96.0 - [undefined ms] - Object newCoordinate(longitude, latitude) { longitude, latitude } unpacking rename x equals 180, from coordinate.longitude
ok 371 Firefox 96.0 - [undefined ms] - Object newCoordinate(longitude, latitude) { longitude, latitude } unpacking rename y equals 90, from coordinate.latitude
ok 372 Firefox 96.0 - [undefined ms] - Object newCoordinate(longitude, latitude) ({latitude:180, longitude:90}) unpacking as-is longitude equals 180, from coordinate.longitude
ok 373 Firefox 96.0 - [undefined ms] - Object newCoordinate(longitude, latitude) ({latitude:180, longitude:90}) unpacking as-is latitude equals 90, from coordinate.latitude
ok 374 Firefox 96.0 - [undefined ms] - Object newCoordinate(longitude, latitude) ({latitude:180, longitude:90}) unpacking rename x equals 180, from coordinate.longitude
ok 375 Firefox 96.0 - [undefined ms] - Object newCoordinate(longitude, latitude) ({latitude:180, longitude:90}) unpacking rename y equals 90, from coordinate.latitude
ok 376 Firefox 96.0 - [undefined ms] - Object newCoordinate(longitude, latitude) ({x:180, y:180}) unpacking as-is longitude equals 180, from coordinate.longitude
ok 377 Firefox 96.0 - [undefined ms] - Object newCoordinate(longitude, latitude) ({x:180, y:180}) unpacking as-is latitude equals 90, from coordinate.latitude
ok 378 Firefox 96.0 - [undefined ms] - Object newCoordinate(longitude, latitude) ({x:180, y:180}) unpacking rename x equals 180, from coordinate.longitude
ok 379 Firefox 96.0 - [undefined ms] - Object newCoordinate(longitude, latitude) ({x:180, y:180}) unpacking rename y equals 90, from coordinate.latitude
ok 380 Firefox 96.0 - [undefined ms] - String parse nothing String(undefined) returns 'undefined'
ok 381 Firefox 96.0 - [undefined ms] - String parse nothing String(undefined) is typeof string
ok 382 Firefox 96.0 - [undefined ms] - String parse nothing String(null) returns 'undefined'
ok 383 Firefox 96.0 - [undefined ms] - String parse nothing String(null) is typeof string
ok 384 Firefox 96.0 - [undefined ms] - String parse Object String({}) String({}) returns '[object Object]' string
ok 385 Firefox 96.0 - [undefined ms] - String parse Object String({}) String({}) is typeof string
ok 386 Firefox 96.0 - [undefined ms] - String parse Object String({}) {} + '' returns '[object Object]' string
ok 387 Firefox 96.0 - [undefined ms] - String parse Object String({}) {} + '' is typeof string
ok 388 Firefox 96.0 - [undefined ms] - String parse Object String({}) '' + {} returns '[object Object]' string
ok 389 Firefox 96.0 - [undefined ms] - String parse Object String({}) '' + {} is typeof string
ok 390 Firefox 96.0 - [undefined ms] - String parse Object Array String([]) String([]) returns ''
ok 391 Firefox 96.0 - [undefined ms] - String parse Object Array String([]) String([]) is typeof string
ok 392 Firefox 96.0 - [undefined ms] - String parse Object Array String([]) String([undefined]) returns ''
ok 393 Firefox 96.0 - [undefined ms] - String parse Object Array String([]) String([undefined]) is typeof string
ok 394 Firefox 96.0 - [undefined ms] - String parse Object Array String([]) String([null]) returns ''
ok 395 Firefox 96.0 - [undefined ms] - String parse Object Array String([]) String([null]) is typeof string
ok 396 Firefox 96.0 - [undefined ms] - String parse Object Array String([]) [] + '' returns ''
ok 397 Firefox 96.0 - [undefined ms] - String parse Object Array String([]) [] + '' is typeof string
ok 398 Firefox 96.0 - [undefined ms] - String parse Object Array String([]) '' + [] returns ''
ok 399 Firefox 96.0 - [undefined ms] - String parse Object Array String([]) '' + [] is typeof string
ok 400 Firefox 96.0 - [undefined ms] - String parse Object Array new String([]) new String([]) is typeof 'object', not 'string'
ok 401 Firefox 96.0 - [undefined ms] - String parse Object Array new String([]) new String([]) is instanceof String
ok 402 Firefox 96.0 - [undefined ms] - String parse Object Array new String([]) new String([]) is instanceof Object
ok 403 Firefox 96.0 - [undefined ms] - String parse Object Array new String([]) new String([]) .toString() returns ''
ok 404 Firefox 96.0 - [undefined ms] - String parse Object Array new String([]) new String([undefined]) is typeof 'object', not 'string'
ok 405 Firefox 96.0 - [undefined ms] - String parse Object Array new String([]) new String([undefined]) is instanceof String
ok 406 Firefox 96.0 - [undefined ms] - String parse Object Array new String([]) new String([undefined]) is instanceof Object
ok 407 Firefox 96.0 - [undefined ms] - String parse Object Array new String([]) new String([undefined]) .toString() returns ''
ok 408 Firefox 96.0 - [undefined ms] - String parse Object Array new String([]) new String([null]) is typeof 'object', not 'string'
ok 409 Firefox 96.0 - [undefined ms] - String parse Object Array new String([]) new String([null]) is instanceof String
ok 410 Firefox 96.0 - [undefined ms] - String parse Object Array new String([]) new String([null]) is instanceof Object
ok 411 Firefox 96.0 - [undefined ms] - String parse Object Array new String([]) new String([null]) .toString() returns ''
ok 412 Firefox 96.0 - [undefined ms] - String parse Object Array String([,,]) String([,,]) returns ','
ok 413 Firefox 96.0 - [undefined ms] - String parse Object Array String([,,]) String([,,]) is typeof string
ok 414 Firefox 96.0 - [undefined ms] - String parse Object Array String([,,]) String([undefined,undefined,]) returns ','
ok 415 Firefox 96.0 - [undefined ms] - String parse Object Array String([,,]) String([undefined,undefined,]) is typeof string
ok 416 Firefox 96.0 - [undefined ms] - String parse Object Array String([,,]) String([null,null,]) returns ','
ok 417 Firefox 96.0 - [undefined ms] - String parse Object Array String([,,]) String([null,null,]) is typeof string
ok 418 Firefox 96.0 - [undefined ms] - switch case order magicNumber 10 returns 2
ok 419 Firefox 96.0 - [undefined ms] - switch case order magicNumber 20 returns 2
ok 420 Firefox 96.0 - [undefined ms] - switch case order magicNumber 30 returns 4
ok 421 Firefox 96.0 - [undefined ms] - switch case order magicNumber 42 returns 3
ok 422 Firefox 96.0 - [undefined ms] - Symbol to string Symbol('that is cool') convert String(oSymbol) can be converted Symbol('that is cool')
ok 423 Firefox 96.0 - [undefined ms] - Symbol to string Symbol('that is cool') convert oSymbol.toString() can be converted Symbol('that is cool')
ok 424 Firefox 96.0 - [undefined ms] - Symbol to string Symbol('that is cool') cast oSymbol + '' throws a TypeError
ok 425 Firefox 96.0 - [undefined ms] - Symbol to string Symbol('that is cool') cast oSymbol + '' error message Common throws a TypeError: message
ok 426 Firefox 96.0 - [undefined ms] - Symbol to string Symbol('that is cool') cast oSymbol + '' error message Safari throws a TypeError: message
ok 427 Firefox 96.0 - [undefined ms] - Symbol to string Symbol('that is cool') cast '' + oSymbol throws a TypeError
ok 428 Firefox 96.0 - [undefined ms] - Symbol to string Symbol('that is cool') cast '' + oSymbol error message Common throws a TypeError: message
ok 429 Firefox 96.0 - [undefined ms] - Symbol to string Symbol('that is cool') cast '' + oSymbol error message Safari throws a TypeError: message
ok 430 Firefox 96.0 - [undefined ms] - try { something } finally { return x } always runs last
ok 431 Safari 13.0 - [undefined ms] - function iterators 1, 2, 3 iterator.next() returns 1, 2 & 3
ok 432 Safari 13.0 - [undefined ms] - NaN Number isNaN
ok 433 Safari 13.0 - [undefined ms] - NaN Number is typeof 'number'
ok 434 Safari 13.0 - [undefined ms] - NaN lodash _.isNaN(NaN) is
ok 435 Safari 13.0 - [undefined ms] - NaN lodash _.isNumber(NaN) is
ok 436 Safari 13.0 - [undefined ms] - NaN jasmine .toBeFalsy() is
ok 437 Safari 13.0 - [undefined ms] - null Object is typeof 'object'
ok 438 Safari 13.0 - [undefined ms] - null Object is NOT instanceof Object
ok 439 Safari 13.0 - [undefined ms] - null Number isNaN(null) is NOT
ok 440 Safari 13.0 - [undefined ms] - null lodash _.isNull(null) is
ok 441 Safari 13.0 - [undefined ms] - null jasmine .toBeNull() is
ok 442 Safari 13.0 - [undefined ms] - null jasmine .toBeFalsy() is
ok 443 Safari 13.0 - [undefined ms] - null jasmine .toEqual(undefined) is NOT!
ok 444 Safari 13.0 - [undefined ms] - undefined is typeof 'undefined
ok 445 Safari 13.0 - [undefined ms] - undefined Number isNaN
ok 446 Safari 13.0 - [undefined ms] - undefined null is not identical to null
ok 447 Safari 13.0 - [undefined ms] - undefined null equals null
ok 448 Safari 13.0 - [undefined ms] - undefined lodash _.isUndefined(undefined) is
ok 449 Safari 13.0 - [undefined ms] - undefined jasmine .toBeFalsy() is
ok 450 Safari 13.0 - [undefined ms] - undefined jasmine .toEqual(null) is NOT!
ok 451 Safari 13.0 - [undefined ms] - Number left associativity 1 < 2 < 3 is true
ok 452 Safari 13.0 - [undefined ms] - Number left associativity 3 > 2 > 1 is false!
ok 453 Safari 13.0 - [undefined ms] - Number parse null-sy Number(null) returns 0
ok 454 Safari 13.0 - [undefined ms] - Number parse null-sy Number(undefined) is typeof 'number'
ok 455 Safari 13.0 - [undefined ms] - Number parse null-sy Number(undefined) isNaN
ok 456 Safari 13.0 - [undefined ms] - Number parse null-sy Number(undefined) is not 0
ok 457 Safari 13.0 - [undefined ms] - Number parse objects Number({}) is typeof 'number'
ok 458 Safari 13.0 - [undefined ms] - Number parse objects Number({}) is NaN
ok 459 Safari 13.0 - [undefined ms] - Number parse objects Number([]) is typeof 'number'
ok 460 Safari 13.0 - [undefined ms] - Number parse objects Number([]) is NOT a NaN
ok 461 Safari 13.0 - [undefined ms] - Number parseInt('bananas') _.isNumber is true
ok 462 Safari 13.0 - [undefined ms] - Number parseInt('bananas') is typeof 'number'
ok 463 Safari 13.0 - [undefined ms] - Number parseInt('bananas') NaN is true
ok 464 Safari 13.0 - [undefined ms] - Number parseInt('bananas') NaN broken reflectiveness bananas == bananas is false
ok 465 Safari 13.0 - [undefined ms] - Number parseInt('bananas') NaN broken reflectiveness bananas === bananas is false!
ok 466 Safari 13.0 - [undefined ms] - Number _.parseInt('bananas') _.isNumber is true
ok 467 Safari 13.0 - [undefined ms] - Number _.parseInt('bananas') is typeof 'number'
ok 468 Safari 13.0 - [undefined ms] - Number _.parseInt('bananas') NaN is true
ok 469 Safari 13.0 - [undefined ms] - Number _.parseInt('bananas') NaN broken reflectiveness bananas == bananas is false
ok 470 Safari 13.0 - [undefined ms] - Number _.parseInt('bananas') NaN broken reflectiveness bananas === bananas is false!
ok 471 Safari 13.0 - [undefined ms] - Number parse from string whitespace to 0 Number('0') returns 0
ok 472 Safari 13.0 - [undefined ms] - Number parse from string whitespace to 0 Number('') returns 0
ok 473 Safari 13.0 - [undefined ms] - Number parse from string whitespace to 0 Number(' ') returns 0
ok 474 Safari 13.0 - [undefined ms] - Number parse from string whitespace to 0 Number('/r/n/t') returns 0
ok 475 Safari 13.0 - [undefined ms] - Number parse from string 0 . Number('0.') returns 0
ok 476 Safari 13.0 - [undefined ms] - Number parse from string 0 . Number('.0') returns 0
ok 477 Safari 13.0 - [undefined ms] - Number parse from string 0 . Number('.') returns NaN
ok 478 Safari 13.0 - [undefined ms] - Number parse from string 0 XO Number('0O0') returns 0
ok 479 Safari 13.0 - [undefined ms] - Number parse from string 0 XO Number('0X0') returns 0
ok 480 Safari 13.0 - [undefined ms] - Number parse from string -0 Number('-0') is -0
ok 481 Safari 13.0 - [undefined ms] - Number parse from string -0 Number('-0') does not equal 0
ok 482 Safari 13.0 - [undefined ms] - Number parse from string -0 JSON.parse('-0) is -0
ok 483 Safari 13.0 - [undefined ms] - Number parse from string -0 - 0 is -0
ok 484 Safari 13.0 - [undefined ms] - Number parse from string -0 - 0 Number('- 0') returns NaN
ok 485 Safari 13.0 - [undefined ms] - Number .toFixed(x) 42.toFixed(2) variable parses
ok 486 Safari 13.0 - [undefined ms] - Number .toFixed(x) 42.toFixed(2) 42 .toFixed(2) returns '42.00'
ok 487 Safari 13.0 - [undefined ms] - Number .toFixed(x) 42.toFixed(2) 42.0.toFixed(2) returns '42.00'
ok 488 Safari 13.0 - [undefined ms] - Number .toFixed(x) 42.toFixed(2) 42..toFixed(2) returns '42.00'
ok 489 Safari 13.0 - [undefined ms] - Number VALUE MAX is > 0
ok 490 Safari 13.0 - [undefined ms] - Number VALUE MAX is the biggest possible number
ok 491 Safari 13.0 - [undefined ms] - Number VALUE MIN is NOT even a negative number
ok 492 Safari 13.0 - [undefined ms] - Number VALUE MIN is NOT even 0 itself
ok 493 Safari 13.0 - [undefined ms] - Number VALUE MIN it is actually a positive number
ok 494 Safari 13.0 - [undefined ms] - Number VALUE MIN is close to 0
ok 495 Safari 13.0 - [undefined ms] - Number -0 is -0
ok 496 Safari 13.0 - [undefined ms] - Number -0 equals -0
ok 497 Safari 13.0 - [undefined ms] - Number -0 does not equal 0
ok 498 Safari 13.0 - [undefined ms] - Number -0 to string JSON.stringify(-0) returns '0'
ok 499 Safari 13.0 - [undefined ms] - Number -0 to string String(-0) returns '0'
ok 500 Safari 13.0 - [undefined ms] - Number -0 to string -0 + '' returns '0'
ok 501 Safari 13.0 - [undefined ms] - Number -0 to string '' + -0 returns '0'
ok 502 Safari 13.0 - [undefined ms] - Number -0 to string '' - 0 does NOT return '0'
ok 503 Safari 13.0 - [undefined ms] - Number -0 to string '' - 0 returns 0, NOT '0'
ok 504 Safari 13.0 - [undefined ms] - Array [] brackets is typeof 'object', not 'array'
ok 505 Safari 13.0 - [undefined ms] - Array [] brackets is instanceof Array
ok 506 Safari 13.0 - [undefined ms] - Array [] brackets is instanceof Object
ok 507 Safari 13.0 - [undefined ms] - Array [] brackets String([]) returns ''
ok 508 Safari 13.0 - [undefined ms] - Array [] brackets String([]) is typeof string
ok 509 Safari 13.0 - [undefined ms] - Array [] brackets lodash _.isObject is
ok 510 Safari 13.0 - [undefined ms] - Array [] brackets lodash _.isArray is
ok 511 Safari 13.0 - [undefined ms] - Array [] instance is typeof 'object', not 'array'
ok 512 Safari 13.0 - [undefined ms] - Array [] instance is instanceof Array
ok 513 Safari 13.0 - [undefined ms] - Array [] instance is instanceof Object
ok 514 Safari 13.0 - [undefined ms] - Array [] instance String([]) returns ''
ok 515 Safari 13.0 - [undefined ms] - Array [] instance String([]) is typeof string
ok 516 Safari 13.0 - [undefined ms] - Array [] instance lodash _.isObject is
ok 517 Safari 13.0 - [undefined ms] - Array [] instance lodash _.isArray is
ok 518 Safari 13.0 - [undefined ms] - Array [1, 2, 3] .map(x => x * 2) returns [2, 4, 6]
ok 519 Safari 13.0 - [undefined ms] - Array <3 empty slots> [].length=3 is instanceof Array
ok 520 Safari 13.0 - [undefined ms] - Array <3 empty slots> [].length=3 is typeof 'object'
ok 521 Safari 13.0 - [undefined ms] - Array <3 empty slots> [].length=3 lodash _.isArray
ok 522 Safari 13.0 - [undefined ms] - Array <3 empty slots> [].length=3 has length 3
ok 523 Safari 13.0 - [undefined ms] - Array <3 empty slots> [].length=3 equals [undefined, undefined, undefined]
ok 524 Safari 13.0 - [undefined ms] - Array <3 empty slots> [].length=3 .toString() equals ',,'
ok 525 Safari 13.0 - [undefined ms] - Array <3 empty slots> [].length=3 .toString() does NOT equal '[undefined, undefined, undefined]'
ok 526 Safari 13.0 - [undefined ms] - Array <3 empty slots> [].length=3 .map(x => 'slot') empty slots does NOT equal 'slot;slot;slot'
ok 527 Safari 13.0 - [undefined ms] - Array <3 empty slots> [].length=3 .map(x => 'slot') empty slots actually equals ';;'
ok 528 Safari 13.0 - [undefined ms] - Array <3 empty slots> [,,,] is instanceof Array
ok 529 Safari 13.0 - [undefined ms] - Array <3 empty slots> [,,,] is typeof 'object'
ok 530 Safari 13.0 - [undefined ms] - Array <3 empty slots> [,,,] lodash _.isArray
ok 531 Safari 13.0 - [undefined ms] - Array <3 empty slots> [,,,] has length 3
ok 532 Safari 13.0 - [undefined ms] - Array <3 empty slots> [,,,] equals [undefined, undefined, undefined]
ok 533 Safari 13.0 - [undefined ms] - Array <3 empty slots> [,,,] .toString() equals ',,'
ok 534 Safari 13.0 - [undefined ms] - Array <3 empty slots> [,,,] .toString() does NOT equal '[undefined, undefined, undefined]'
ok 535 Safari 13.0 - [undefined ms] - Array <3 empty slots> [,,,] .map(x => 'slot') empty slots does NOT equal 'slot;slot;slot'
ok 536 Safari 13.0 - [undefined ms] - Array <3 empty slots> [,,,] .map(x => 'slot') empty slots actually equals ';;'
ok 537 Safari 13.0 - [undefined ms] - Array <3 empty slots> [ undefined x 3 ] is instanceof Array
ok 538 Safari 13.0 - [undefined ms] - Array <3 empty slots> [ undefined x 3 ] is typeof 'object'
ok 539 Safari 13.0 - [undefined ms] - Array <3 empty slots> [ undefined x 3 ] lodash _.isArray
ok 540 Safari 13.0 - [undefined ms] - Array <3 empty slots> [ undefined x 3 ] has length 3
ok 541 Safari 13.0 - [undefined ms] - Array <3 empty slots> [ undefined x 3 ] equals [undefined, undefined, undefined]
ok 542 Safari 13.0 - [undefined ms] - Array <3 empty slots> [ undefined x 3 ] .toString() equals ',,'
ok 543 Safari 13.0 - [undefined ms] - Array <3 empty slots> [ undefined x 3 ] .toString() does NOT equal '[undefined, undefined, undefined]'
ok 544 Safari 13.0 - [undefined ms] - Array <3 empty slots> [ undefined x 3 ] .map(x => 'slot') [ undefined x 3 ] equals 'slot;slot;slot'
ok 545 Safari 13.0 - [undefined ms] - Array <3 empty slots> Array(3) is instanceof Array
ok 546 Safari 13.0 - [undefined ms] - Array <3 empty slots> Array(3) is typeof 'object'
ok 547 Safari 13.0 - [undefined ms] - Array <3 empty slots> Array(3) lodash _.isArray
ok 548 Safari 13.0 - [undefined ms] - Array <3 empty slots> Array(3) has length 3
ok 549 Safari 13.0 - [undefined ms] - Array <3 empty slots> Array(3) equals [undefined, undefined, undefined]
ok 550 Safari 13.0 - [undefined ms] - Array <3 empty slots> Array(3) .toString() equals ',,'
ok 551 Safari 13.0 - [undefined ms] - Array <3 empty slots> Array(3) .toString() does NOT equal '[undefined, undefined, undefined]'
ok 552 Safari 13.0 - [undefined ms] - Array <3 empty slots> Array(3) .map(x => 'slot') empty slots does NOT equal 'slot;slot;slot'
ok 553 Safari 13.0 - [undefined ms] - Array <3 empty slots> Array(3) .map(x => 'slot') empty slots actually equals ';;'
ok 554 Safari 13.0 - [undefined ms] - Array <3 empty slots> new Array(3) is instanceof Array
ok 555 Safari 13.0 - [undefined ms] - Array <3 empty slots> new Array(3) is typeof 'object'
ok 556 Safari 13.0 - [undefined ms] - Array <3 empty slots> new Array(3) lodash _.isArray
ok 557 Safari 13.0 - [undefined ms] - Array <3 empty slots> new Array(3) has length 3
ok 558 Safari 13.0 - [undefined ms] - Array <3 empty slots> new Array(3) equals [undefined, undefined, undefined]
ok 559 Safari 13.0 - [undefined ms] - Array <3 empty slots> new Array(3) .toString() equals ',,'
ok 560 Safari 13.0 - [undefined ms] - Array <3 empty slots> new Array(3) .toString() does NOT equal '[undefined, undefined, undefined]'
ok 561 Safari 13.0 - [undefined ms] - Array <3 empty slots> new Array(3) .map(x => 'slot') empty slots does NOT equal 'slot;slot;slot'
ok 562 Safari 13.0 - [undefined ms] - Array <3 empty slots> new Array(3) .map(x => 'slot') empty slots actually equals ';;'
ok 563 Safari 13.0 - [undefined ms] - Object coercion [] !== [] is true
ok 564 Safari 13.0 - [undefined ms] - Object coercion [] + {} equals '[object Object]'
ok 565 Safari 13.0 - [undefined ms] - Object coercion {} + [] is 0
ok 566 Safari 13.0 - [undefined ms] - Object coercion {} + [] equals '[object Object]'
ok 567 Safari 13.0 - [undefined ms] - Object {} is typeof object
ok 568 Safari 13.0 - [undefined ms] - Object {} is instanceof Object
ok 569 Safari 13.0 - [undefined ms] - Object {} String({}) returns '[object Object]' string
ok 570 Safari 13.0 - [undefined ms] - Object {} String({}) is typeof string
ok 571 Safari 13.0 - [undefined ms] - Object {} lodash _.isObject is
ok 572 Safari 13.0 - [undefined ms] - Object {} lodash _.isArray is not
ok 573 Safari 13.0 - [undefined ms] - Object {} is typeof object
ok 574 Safari 13.0 - [undefined ms] - Object {} is instanceof Object
ok 575 Safari 13.0 - [undefined ms] - Object {} String({}) returns '[object Object]' string
ok 576 Safari 13.0 - [undefined ms] - Object {} String({}) is typeof string
ok 577 Safari 13.0 - [undefined ms] - Object {} lodash _.isObject is
ok 578 Safari 13.0 - [undefined ms] - Object {} lodash _.isArray is not
ok 579 Safari 13.0 - [undefined ms] - Object newCoordinate(longitude, latitude) {longitude:x, latitude:y} unpacking as-is longitude equals 180, from coordinate.longitude
ok 580 Safari 13.0 - [undefined ms] - Object newCoordinate(longitude, latitude) {longitude:x, latitude:y} unpacking as-is latitude equals 90, from coordinate.latitude
ok 581 Safari 13.0 - [undefined ms] - Object newCoordinate(longitude, latitude) {longitude:x, latitude:y} unpacking rename x equals 180, from coordinate.longitude
ok 582 Safari 13.0 - [undefined ms] - Object newCoordinate(longitude, latitude) {longitude:x, latitude:y} unpacking rename y equals 90, from coordinate.latitude
ok 583 Safari 13.0 - [undefined ms] - Object newCoordinate(longitude, latitude) { longitude, latitude } unpacking as-is longitude equals 180, from coordinate.longitude
ok 584 Safari 13.0 - [undefined ms] - Object newCoordinate(longitude, latitude) { longitude, latitude } unpacking as-is latitude equals 90, from coordinate.latitude
ok 585 Safari 13.0 - [undefined ms] - Object newCoordinate(longitude, latitude) { longitude, latitude } unpacking rename x equals 180, from coordinate.longitude
ok 586 Safari 13.0 - [undefined ms] - Object newCoordinate(longitude, latitude) { longitude, latitude } unpacking rename y equals 90, from coordinate.latitude
ok 587 Safari 13.0 - [undefined ms] - Object newCoordinate(longitude, latitude) ({latitude:180, longitude:90}) unpacking as-is longitude equals 180, from coordinate.longitude
ok 588 Safari 13.0 - [undefined ms] - Object newCoordinate(longitude, latitude) ({latitude:180, longitude:90}) unpacking as-is latitude equals 90, from coordinate.latitude
ok 589 Safari 13.0 - [undefined ms] - Object newCoordinate(longitude, latitude) ({latitude:180, longitude:90}) unpacking rename x equals 180, from coordinate.longitude
ok 590 Safari 13.0 - [undefined ms] - Object newCoordinate(longitude, latitude) ({latitude:180, longitude:90}) unpacking rename y equals 90, from coordinate.latitude
ok 591 Safari 13.0 - [undefined ms] - Object newCoordinate(longitude, latitude) ({x:180, y:180}) unpacking as-is longitude equals 180, from coordinate.longitude
ok 592 Safari 13.0 - [undefined ms] - Object newCoordinate(longitude, latitude) ({x:180, y:180}) unpacking as-is latitude equals 90, from coordinate.latitude
ok 593 Safari 13.0 - [undefined ms] - Object newCoordinate(longitude, latitude) ({x:180, y:180}) unpacking rename x equals 180, from coordinate.longitude
ok 594 Safari 13.0 - [undefined ms] - Object newCoordinate(longitude, latitude) ({x:180, y:180}) unpacking rename y equals 90, from coordinate.latitude
ok 595 Safari 13.0 - [undefined ms] - String parse nothing String(undefined) returns 'undefined'
ok 596 Safari 13.0 - [undefined ms] - String parse nothing String(undefined) is typeof string
ok 597 Safari 13.0 - [undefined ms] - String parse nothing String(null) returns 'undefined'
ok 598 Safari 13.0 - [undefined ms] - String parse nothing String(null) is typeof string
ok 599 Safari 13.0 - [undefined ms] - String parse Object String({}) String({}) returns '[object Object]' string
ok 600 Safari 13.0 - [undefined ms] - String parse Object String({}) String({}) is typeof string
ok 601 Safari 13.0 - [undefined ms] - String parse Object String({}) {} + '' returns '[object Object]' string
ok 602 Safari 13.0 - [undefined ms] - String parse Object String({}) {} + '' is typeof string
ok 603 Safari 13.0 - [undefined ms] - String parse Object String({}) '' + {} returns '[object Object]' string
ok 604 Safari 13.0 - [undefined ms] - String parse Object String({}) '' + {} is typeof string
ok 605 Safari 13.0 - [undefined ms] - String parse Object Array String([]) String([]) returns ''
ok 606 Safari 13.0 - [undefined ms] - String parse Object Array String([]) String([]) is typeof string
ok 607 Safari 13.0 - [undefined ms] - String parse Object Array String([]) String([undefined]) returns ''
ok 608 Safari 13.0 - [undefined ms] - String parse Object Array String([]) String([undefined]) is typeof string
ok 609 Safari 13.0 - [undefined ms] - String parse Object Array String([]) String([null]) returns ''
ok 610 Safari 13.0 - [undefined ms] - String parse Object Array String([]) String([null]) is typeof string
ok 611 Safari 13.0 - [undefined ms] - String parse Object Array String([]) [] + '' returns ''
ok 612 Safari 13.0 - [undefined ms] - String parse Object Array String([]) [] + '' is typeof string
ok 613 Safari 13.0 - [undefined ms] - String parse Object Array String([]) '' + [] returns ''
ok 614 Safari 13.0 - [undefined ms] - String parse Object Array String([]) '' + [] is typeof string
ok 615 Safari 13.0 - [undefined ms] - String parse Object Array new String([]) new String([]) is typeof 'object', not 'string'
ok 616 Safari 13.0 - [undefined ms] - String parse Object Array new String([]) new String([]) is instanceof String
ok 617 Safari 13.0 - [undefined ms] - String parse Object Array new String([]) new String([]) is instanceof Object
ok 618 Safari 13.0 - [undefined ms] - String parse Object Array new String([]) new String([]) .toString() returns ''
ok 619 Safari 13.0 - [undefined ms] - String parse Object Array new String([]) new String([undefined]) is typeof 'object', not 'string'
ok 620 Safari 13.0 - [undefined ms] - String parse Object Array new String([]) new String([undefined]) is instanceof String
ok 621 Safari 13.0 - [undefined ms] - String parse Object Array new String([]) new String([undefined]) is instanceof Object
ok 622 Safari 13.0 - [undefined ms] - String parse Object Array new String([]) new String([undefined]) .toString() returns ''
ok 623 Safari 13.0 - [undefined ms] - String parse Object Array new String([]) new String([null]) is typeof 'object', not 'string'
ok 624 Safari 13.0 - [undefined ms] - String parse Object Array new String([]) new String([null]) is instanceof String
ok 625 Safari 13.0 - [undefined ms] - String parse Object Array new String([]) new String([null]) is instanceof Object
ok 626 Safari 13.0 - [undefined ms] - String parse Object Array new String([]) new String([null]) .toString() returns ''
ok 627 Safari 13.0 - [undefined ms] - String parse Object Array String([,,]) String([,,]) returns ','
ok 628 Safari 13.0 - [undefined ms] - String parse Object Array String([,,]) String([,,]) is typeof string
ok 629 Safari 13.0 - [undefined ms] - String parse Object Array String([,,]) String([undefined,undefined,]) returns ','
ok 630 Safari 13.0 - [undefined ms] - String parse Object Array String([,,]) String([undefined,undefined,]) is typeof string
ok 631 Safari 13.0 - [undefined ms] - String parse Object Array String([,,]) String([null,null,]) returns ','
ok 632 Safari 13.0 - [undefined ms] - String parse Object Array String([,,]) String([null,null,]) is typeof string
ok 633 Safari 13.0 - [undefined ms] - switch case order magicNumber 10 returns 2
ok 634 Safari 13.0 - [undefined ms] - switch case order magicNumber 20 returns 2
ok 635 Safari 13.0 - [undefined ms] - switch case order magicNumber 30 returns 4
ok 636 Safari 13.0 - [undefined ms] - switch case order magicNumber 42 returns 3
ok 637 Safari 13.0 - [undefined ms] - Symbol to string Symbol('that is cool') convert String(oSymbol) can be converted Symbol('that is cool')
ok 638 Safari 13.0 - [undefined ms] - Symbol to string Symbol('that is cool') convert oSymbol.toString() can be converted Symbol('that is cool')
ok 639 Safari 13.0 - [undefined ms] - Symbol to string Symbol('that is cool') cast oSymbol + '' throws a TypeError
ok 640 Safari 13.0 - [undefined ms] - Symbol to string Symbol('that is cool') cast oSymbol + '' error message Common throws a TypeError: message
ok 641 Safari 13.0 - [undefined ms] - Symbol to string Symbol('that is cool') cast oSymbol + '' error message Safari throws a TypeError: message
ok 642 Safari 13.0 - [undefined ms] - Symbol to string Symbol('that is cool') cast '' + oSymbol throws a TypeError
ok 643 Safari 13.0 - [undefined ms] - Symbol to string Symbol('that is cool') cast '' + oSymbol error message Common throws a TypeError: message
ok 644 Safari 13.0 - [undefined ms] - Symbol to string Symbol('that is cool') cast '' + oSymbol error message Safari throws a TypeError: message
ok 645 Safari 13.0 - [undefined ms] - try { something } finally { return x } always runs last

1..645
# tests 645
# pass  645
# skip  0
# todo  0
# fail  0

# ok
